Java HotSpot(TM) 64-Bit Server VM (25.172-b11) for bsd-amd64 JRE (1.8.0_172-b11), built on Mar 28 2018 15:38:02 by "java_re" with gcc 4.2.1 (Based on Apple Inc. build 5658) (LLVM build 2336.11.00)
Memory: 4k page, physical 8388608k(600072k free)

/proc/meminfo:

CommandLine flags: -XX:InitialHeapSize=134217728 -XX:MaxHeapSize=2147483648 -XX:+PrintGC -XX:+PrintGCDetails -XX:+PrintGCTimeStamps -XX:+UseCompressedClassPointers -XX:+UseCompressedOops -XX:+UseG1GC 
0.467: [GC pause (G1 Evacuation Pause) (young), 0.0613686 secs]
   [Parallel Time: 60.1 ms, GC Workers: 4]
      [GC Worker Start (ms): Min: 466.8, Avg: 466.9, Max: 466.9, Diff: 0.1]
      [Ext Root Scanning (ms): Min: 0.3, Avg: 0.4, Max: 0.5, Diff: 0.2, Sum: 1.4]
      [Update RS (ms): Min: 0.0, Avg: 0.0, Max: 0.0, Diff: 0.0, Sum: 0.0]
         [Processed Buffers: Min: 0, Avg: 0.0, Max: 0, Diff: 0, Sum: 0]
      [Scan RS (ms): Min: 0.0, Avg: 0.0, Max: 0.0, Diff: 0.0, Sum: 0.0]
      [Code Root Scanning (ms): Min: 0.0, Avg: 0.1, Max: 0.1, Diff: 0.1, Sum: 0.2]
      [Object Copy (ms): Min: 7.9, Avg: 15.8, Max: 22.8, Diff: 14.9, Sum: 63.1]
      [Termination (ms): Min: 36.7, Avg: 43.6, Max: 51.5, Diff: 14.9, Sum: 174.3]
         [Termination Attempts: Min: 106, Avg: 205.5, Max: 318, Diff: 212, Sum: 822]
      [GC Worker Other (ms): Min: 0.0, Avg: 0.0, Max: 0.0, Diff: 0.0, Sum: 0.0]
      [GC Worker Total (ms): Min: 59.6, Avg: 59.8, Max: 60.0, Diff: 0.5, Sum: 239.1]
      [GC Worker End (ms): Min: 526.5, Avg: 526.6, Max: 526.8, Diff: 0.4]
   [Code Root Fixup: 0.0 ms]
   [Code Root Purge: 0.0 ms]
   [Clear CT: 0.1 ms]
   [Other: 1.2 ms]
      [Choose CSet: 0.0 ms]
      [Ref Proc: 0.9 ms]
      [Ref Enq: 0.0 ms]
      [Redirty Cards: 0.1 ms]
      [Humongous Register: 0.0 ms]
      [Humongous Reclaim: 0.0 ms]
      [Free CSet: 0.0 ms]
   [Eden: 14.0M(14.0M)->0.0B(7168.0K) Survivors: 0.0B->2048.0K Heap: 14.0M(128.0M)->10.9M(128.0M)]
 [Times: user=0.09 sys=0.01, real=0.06 secs] 
0.548: [GC pause (G1 Evacuation Pause) (young), 0.0527718 secs]
   [Parallel Time: 51.4 ms, GC Workers: 4]
      [GC Worker Start (ms): Min: 547.7, Avg: 549.5, Max: 554.4, Diff: 6.7]
      [Ext Root Scanning (ms): Min: 0.0, Avg: 0.2, Max: 0.4, Diff: 0.4, Sum: 0.6]
      [Update RS (ms): Min: 0.0, Avg: 0.2, Max: 0.4, Diff: 0.4, Sum: 0.9]
         [Processed Buffers: Min: 0, Avg: 1.0, Max: 2, Diff: 2, Sum: 4]
      [Scan RS (ms): Min: 4.1, Avg: 8.5, Max: 10.1, Diff: 6.0, Sum: 34.1]
      [Code Root Scanning (ms): Min: 0.0, Avg: 0.0, Max: 0.2, Diff: 0.2, Sum: 0.2]
      [Object Copy (ms): Min: 17.6, Avg: 19.6, Max: 21.7, Diff: 4.1, Sum: 78.4]
      [Termination (ms): Min: 18.8, Avg: 20.9, Max: 22.7, Diff: 3.9, Sum: 83.6]
         [Termination Attempts: Min: 655, Avg: 802.5, Max: 870, Diff: 215, Sum: 3210]
      [GC Worker Other (ms): Min: 0.0, Avg: 0.0, Max: 0.0, Diff: 0.0, Sum: 0.0]
      [GC Worker Total (ms): Min: 44.7, Avg: 49.4, Max: 51.2, Diff: 6.5, Sum: 197.7]
      [GC Worker End (ms): Min: 598.9, Avg: 598.9, Max: 599.0, Diff: 0.2]
   [Code Root Fixup: 0.0 ms]
   [Code Root Purge: 0.0 ms]
   [Clear CT: 0.0 ms]
   [Other: 1.3 ms]
      [Choose CSet: 0.0 ms]
      [Ref Proc: 0.1 ms]
      [Ref Enq: 0.0 ms]
      [Redirty Cards: 0.2 ms]
      [Humongous Register: 0.0 ms]
      [Humongous Reclaim: 0.0 ms]
      [Free CSet: 0.0 ms]
   [Eden: 7168.0K(7168.0K)->0.0B(10.0M) Survivors: 2048.0K->2048.0K Heap: 17.9M(128.0M)->19.0M(256.0M)]
 [Times: user=0.15 sys=0.00, real=0.05 secs] 
0.642: [GC pause (G1 Evacuation Pause) (young), 0.0610600 secs]
   [Parallel Time: 57.9 ms, GC Workers: 4]
      [GC Worker Start (ms): Min: 642.0, Avg: 643.0, Max: 644.4, Diff: 2.4]
      [Ext Root Scanning (ms): Min: 0.0, Avg: 0.1, Max: 0.2, Diff: 0.2, Sum: 0.4]
      [Update RS (ms): Min: 0.0, Avg: 0.2, Max: 0.5, Diff: 0.5, Sum: 0.8]
         [Processed Buffers: Min: 0, Avg: 2.0, Max: 7, Diff: 7, Sum: 8]
      [Scan RS (ms): Min: 0.0, Avg: 0.5, Max: 1.1, Diff: 1.1, Sum: 2.1]
      [Code Root Scanning (ms): Min: 0.0, Avg: 0.0, Max: 0.0, Diff: 0.0, Sum: 0.0]
      [Object Copy (ms): Min: 14.5, Avg: 19.1, Max: 26.3, Diff: 11.7, Sum: 76.5]
      [Termination (ms): Min: 30.0, Avg: 36.8, Max: 41.6, Diff: 11.7, Sum: 147.0]
         [Termination Attempts: Min: 47, Avg: 74.0, Max: 93, Diff: 46, Sum: 296]
      [GC Worker Other (ms): Min: 0.0, Avg: 0.0, Max: 0.0, Diff: 0.0, Sum: 0.0]
      [GC Worker Total (ms): Min: 55.6, Avg: 56.7, Max: 57.9, Diff: 2.3, Sum: 226.8]
      [GC Worker End (ms): Min: 699.2, Avg: 699.7, Max: 700.0, Diff: 0.8]
   [Code Root Fixup: 0.0 ms]
   [Code Root Purge: 0.0 ms]
   [Clear CT: 0.0 ms]
   [Other: 3.1 ms]
      [Choose CSet: 0.0 ms]
      [Ref Proc: 0.7 ms]
      [Ref Enq: 0.0 ms]
      [Redirty Cards: 0.1 ms]
      [Humongous Register: 0.0 ms]
      [Humongous Reclaim: 0.0 ms]
      [Free CSet: 0.0 ms]
   [Eden: 10.0M(10.0M)->0.0B(23.0M) Survivors: 2048.0K->2048.0K Heap: 29.0M(256.0M)->30.0M(512.0M)]
 [Times: user=0.08 sys=0.00, real=0.06 secs] 
0.785: [GC pause (G1 Evacuation Pause) (young), 0.1223785 secs]
   [Parallel Time: 118.7 ms, GC Workers: 4]
      [GC Worker Start (ms): Min: 785.3, Avg: 785.6, Max: 786.2, Diff: 0.9]
      [Ext Root Scanning (ms): Min: 0.0, Avg: 0.2, Max: 0.7, Diff: 0.6, Sum: 1.0]
      [Update RS (ms): Min: 0.0, Avg: 0.5, Max: 1.0, Diff: 1.0, Sum: 2.2]
         [Processed Buffers: Min: 1, Avg: 2.2, Max: 4, Diff: 3, Sum: 9]
      [Scan RS (ms): Min: 0.0, Avg: 0.0, Max: 0.0, Diff: 0.0, Sum: 0.0]
      [Code Root Scanning (ms): Min: 0.0, Avg: 0.0, Max: 0.0, Diff: 0.0, Sum: 0.0]
      [Object Copy (ms): Min: 25.0, Avg: 32.8, Max: 41.1, Diff: 16.1, Sum: 131.3]
      [Termination (ms): Min: 76.4, Avg: 84.7, Max: 92.7, Diff: 16.3, Sum: 338.8]
         [Termination Attempts: Min: 225, Avg: 279.2, Max: 328, Diff: 103, Sum: 1117]
      [GC Worker Other (ms): Min: 0.0, Avg: 0.0, Max: 0.1, Diff: 0.1, Sum: 0.1]
      [GC Worker Total (ms): Min: 117.7, Avg: 118.3, Max: 118.7, Diff: 1.0, Sum: 473.3]
      [GC Worker End (ms): Min: 903.9, Avg: 903.9, Max: 904.0, Diff: 0.1]
   [Code Root Fixup: 0.0 ms]
   [Code Root Purge: 0.0 ms]
   [Clear CT: 0.0 ms]
   [Other: 3.6 ms]
      [Choose CSet: 0.0 ms]
      [Ref Proc: 0.6 ms]
      [Ref Enq: 0.0 ms]
      [Redirty Cards: 0.2 ms]
      [Humongous Register: 0.0 ms]
      [Humongous Reclaim: 0.0 ms]
      [Free CSet: 0.0 ms]
   [Eden: 23.0M(23.0M)->0.0B(37.0M) Survivors: 2048.0K->4096.0K Heap: 53.0M(512.0M)->54.0M(820.0M)]
 [Times: user=0.21 sys=0.02, real=0.12 secs] 
1.063: [GC pause (G1 Evacuation Pause) (young), 0.1926946 secs]
   [Parallel Time: 190.0 ms, GC Workers: 4]
      [GC Worker Start (ms): Min: 1062.7, Avg: 1062.9, Max: 1063.0, Diff: 0.3]
      [Ext Root Scanning (ms): Min: 0.0, Avg: 0.1, Max: 0.3, Diff: 0.3, Sum: 0.5]
      [Update RS (ms): Min: 0.6, Avg: 0.6, Max: 0.8, Diff: 0.3, Sum: 2.6]
         [Processed Buffers: Min: 1, Avg: 3.0, Max: 7, Diff: 6, Sum: 12]
      [Scan RS (ms): Min: 0.0, Avg: 0.1, Max: 0.2, Diff: 0.2, Sum: 0.2]
      [Code Root Scanning (ms): Min: 0.0, Avg: 0.0, Max: 0.0, Diff: 0.0, Sum: 0.0]
      [Object Copy (ms): Min: 45.1, Avg: 55.5, Max: 62.8, Diff: 17.6, Sum: 221.9]
      [Termination (ms): Min: 126.1, Avg: 133.4, Max: 143.7, Diff: 17.6, Sum: 533.5]
         [Termination Attempts: Min: 737, Avg: 835.0, Max: 1031, Diff: 294, Sum: 3340]
      [GC Worker Other (ms): Min: 0.0, Avg: 0.0, Max: 0.0, Diff: 0.0, Sum: 0.0]
      [GC Worker Total (ms): Min: 189.5, Avg: 189.7, Max: 189.8, Diff: 0.3, Sum: 758.7]
      [GC Worker End (ms): Min: 1252.5, Avg: 1252.5, Max: 1252.6, Diff: 0.1]
   [Code Root Fixup: 0.0 ms]
   [Code Root Purge: 0.0 ms]
   [Clear CT: 0.1 ms]
   [Other: 2.7 ms]
      [Choose CSet: 0.0 ms]
      [Ref Proc: 0.1 ms]
      [Ref Enq: 0.0 ms]
      [Redirty Cards: 0.2 ms]
      [Humongous Register: 0.0 ms]
      [Humongous Reclaim: 0.0 ms]
      [Free CSet: 0.0 ms]
   [Eden: 37.0M(37.0M)->0.0B(47.0M) Survivors: 4096.0K->6144.0K Heap: 91.0M(820.0M)->91.5M(1066.0M)]
 [Times: user=0.44 sys=0.02, real=0.20 secs] 
1.449: [GC pause (G1 Evacuation Pause) (young), 0.2785721 secs]
   [Parallel Time: 271.7 ms, GC Workers: 4]
      [GC Worker Start (ms): Min: 1449.2, Avg: 1449.2, Max: 1449.2, Diff: 0.0]
      [Ext Root Scanning (ms): Min: 0.1, Avg: 0.1, Max: 0.2, Diff: 0.0, Sum: 0.6]
      [Update RS (ms): Min: 0.7, Avg: 0.8, Max: 0.9, Diff: 0.2, Sum: 3.0]
         [Processed Buffers: Min: 2, Avg: 3.2, Max: 7, Diff: 5, Sum: 13]
      [Scan RS (ms): Min: 0.0, Avg: 0.1, Max: 0.2, Diff: 0.2, Sum: 0.3]
      [Code Root Scanning (ms): Min: 0.0, Avg: 0.0, Max: 0.0, Diff: 0.0, Sum: 0.0]
      [Object Copy (ms): Min: 57.5, Avg: 83.9, Max: 151.3, Diff: 93.8, Sum: 335.5]
      [Termination (ms): Min: 119.2, Avg: 186.0, Max: 213.2, Diff: 94.0, Sum: 743.9]
         [Termination Attempts: Min: 1111, Avg: 1171.5, Max: 1224, Diff: 113, Sum: 4686]
      [GC Worker Other (ms): Min: 0.0, Avg: 0.0, Max: 0.0, Diff: 0.0, Sum: 0.0]
      [GC Worker Total (ms): Min: 268.7, Avg: 270.9, Max: 271.6, Diff: 2.9, Sum: 1083.4]
      [GC Worker End (ms): Min: 1717.9, Avg: 1720.1, Max: 1720.8, Diff: 2.9]
   [Code Root Fixup: 0.0 ms]
   [Code Root Purge: 0.0 ms]
   [Clear CT: 0.0 ms]
   [Other: 6.8 ms]
      [Choose CSet: 0.0 ms]
      [Ref Proc: 3.8 ms]
      [Ref Enq: 0.0 ms]
      [Redirty Cards: 0.5 ms]
      [Humongous Register: 0.0 ms]
      [Humongous Reclaim: 0.0 ms]
      [Free CSet: 0.0 ms]
   [Eden: 47.0M(47.0M)->0.0B(56.0M) Survivors: 6144.0K->7168.0K Heap: 138.5M(1066.0M)->138.5M(1263.0M)]
 [Times: user=0.54 sys=0.01, real=0.28 secs] 
1.960: [GC pause (G1 Evacuation Pause) (young), 0.3265743 secs]
   [Parallel Time: 322.7 ms, GC Workers: 4]
      [GC Worker Start (ms): Min: 1960.2, Avg: 1962.1, Max: 1967.4, Diff: 7.1]
      [Ext Root Scanning (ms): Min: 0.0, Avg: 0.9, Max: 3.3, Diff: 3.3, Sum: 3.7]
      [Update RS (ms): Min: 0.0, Avg: 1.4, Max: 3.0, Diff: 3.0, Sum: 5.6]
         [Processed Buffers: Min: 0, Avg: 2.8, Max: 7, Diff: 7, Sum: 11]
      [Scan RS (ms): Min: 0.0, Avg: 0.0, Max: 0.1, Diff: 0.1, Sum: 0.1]
      [Code Root Scanning (ms): Min: 0.0, Avg: 0.0, Max: 0.0, Diff: 0.0, Sum: 0.0]
      [Object Copy (ms): Min: 71.7, Avg: 91.4, Max: 137.9, Diff: 66.2, Sum: 365.4]
      [Termination (ms): Min: 181.3, Avg: 226.4, Max: 245.2, Diff: 63.9, Sum: 905.5]
         [Termination Attempts: Min: 291, Avg: 349.5, Max: 452, Diff: 161, Sum: 1398]
      [GC Worker Other (ms): Min: 0.0, Avg: 0.0, Max: 0.0, Diff: 0.0, Sum: 0.0]
      [GC Worker Total (ms): Min: 315.5, Avg: 320.1, Max: 322.4, Diff: 6.9, Sum: 1280.4]
      [GC Worker End (ms): Min: 2280.4, Avg: 2282.2, Max: 2282.9, Diff: 2.5]
   [Code Root Fixup: 0.0 ms]
   [Code Root Purge: 0.0 ms]
   [Clear CT: 0.0 ms]
   [Other: 3.8 ms]
      [Choose CSet: 0.0 ms]
      [Ref Proc: 1.3 ms]
      [Ref Enq: 0.0 ms]
      [Redirty Cards: 0.6 ms]
      [Humongous Register: 0.0 ms]
      [Humongous Reclaim: 0.0 ms]
      [Free CSet: 0.0 ms]
   [Eden: 56.0M(56.0M)->0.0B(63.0M) Survivors: 7168.0K->8192.0K Heap: 194.5M(1263.0M)->195.5M(1420.0M)]
 [Times: user=0.37 sys=0.03, real=0.33 secs] 
2.583: [GC pause (G1 Evacuation Pause) (young), 0.4069019 secs]
   [Parallel Time: 403.1 ms, GC Workers: 4]
      [GC Worker Start (ms): Min: 2583.0, Avg: 2583.5, Max: 2584.8, Diff: 1.7]
      [Ext Root Scanning (ms): Min: 0.0, Avg: 0.2, Max: 0.3, Diff: 0.3, Sum: 0.7]
      [Update RS (ms): Min: 0.0, Avg: 1.7, Max: 4.2, Diff: 4.2, Sum: 6.9]
         [Processed Buffers: Min: 0, Avg: 2.5, Max: 4, Diff: 4, Sum: 10]
      [Scan RS (ms): Min: 0.0, Avg: 0.0, Max: 0.0, Diff: 0.0, Sum: 0.1]
      [Code Root Scanning (ms): Min: 0.0, Avg: 0.0, Max: 0.0, Diff: 0.0, Sum: 0.0]
      [Object Copy (ms): Min: 111.8, Avg: 132.2, Max: 174.4, Diff: 62.6, Sum: 528.8]
      [Termination (ms): Min: 227.0, Avg: 268.5, Max: 289.6, Diff: 62.6, Sum: 1073.9]
         [Termination Attempts: Min: 281, Avg: 336.2, Max: 415, Diff: 134, Sum: 1345]
      [GC Worker Other (ms): Min: 0.0, Avg: 0.0, Max: 0.0, Diff: 0.0, Sum: 0.0]
      [GC Worker Total (ms): Min: 401.3, Avg: 402.6, Max: 403.1, Diff: 1.7, Sum: 1610.3]
      [GC Worker End (ms): Min: 2986.1, Avg: 2986.1, Max: 2986.1, Diff: 0.0]
   [Code Root Fixup: 0.0 ms]
   [Code Root Purge: 0.0 ms]
   [Clear CT: 0.1 ms]
   [Other: 3.7 ms]
      [Choose CSet: 0.0 ms]
      [Ref Proc: 0.7 ms]
      [Ref Enq: 0.0 ms]
      [Redirty Cards: 1.3 ms]
      [Humongous Register: 0.1 ms]
      [Humongous Reclaim: 0.0 ms]
      [Free CSet: 0.0 ms]
   [Eden: 63.0M(63.0M)->0.0B(68.0M) Survivors: 8192.0K->9216.0K Heap: 258.5M(1420.0M)->259.5M(1546.0M)]
 [Times: user=0.42 sys=0.04, real=0.41 secs] 
3.282: [GC pause (G1 Evacuation Pause) (young), 0.3398221 secs]
   [Parallel Time: 337.9 ms, GC Workers: 4]
      [GC Worker Start (ms): Min: 3282.3, Avg: 3282.4, Max: 3282.4, Diff: 0.1]
      [Ext Root Scanning (ms): Min: 0.1, Avg: 0.4, Max: 0.9, Diff: 0.7, Sum: 1.4]
      [Update RS (ms): Min: 0.5, Avg: 1.0, Max: 1.4, Diff: 0.8, Sum: 4.1]
         [Processed Buffers: Min: 1, Avg: 2.8, Max: 5, Diff: 4, Sum: 11]
      [Scan RS (ms): Min: 0.0, Avg: 0.0, Max: 0.1, Diff: 0.1, Sum: 0.1]
      [Code Root Scanning (ms): Min: 0.0, Avg: 0.0, Max: 0.0, Diff: 0.0, Sum: 0.0]
      [Object Copy (ms): Min: 94.6, Avg: 102.3, Max: 111.5, Diff: 16.9, Sum: 409.3]
      [Termination (ms): Min: 224.8, Avg: 234.0, Max: 241.8, Diff: 17.0, Sum: 936.1]
         [Termination Attempts: Min: 2282, Avg: 2346.8, Max: 2437, Diff: 155, Sum: 9387]
      [GC Worker Other (ms): Min: 0.0, Avg: 0.0, Max: 0.0, Diff: 0.0, Sum: 0.0]
      [GC Worker Total (ms): Min: 337.6, Avg: 337.8, Max: 337.8, Diff: 0.2, Sum: 1351.0]
      [GC Worker End (ms): Min: 3620.1, Avg: 3620.1, Max: 3620.2, Diff: 0.2]
   [Code Root Fixup: 0.0 ms]
   [Code Root Purge: 0.0 ms]
   [Clear CT: 0.1 ms]
   [Other: 1.8 ms]
      [Choose CSet: 0.0 ms]
      [Ref Proc: 0.4 ms]
      [Ref Enq: 0.0 ms]
      [Redirty Cards: 0.3 ms]
      [Humongous Register: 0.1 ms]
      [Humongous Reclaim: 0.0 ms]
      [Free CSet: 0.1 ms]
   [Eden: 68.0M(68.0M)->0.0B(72.0M) Survivors: 9216.0K->10.0M Heap: 327.5M(1546.0M)->328.0M(1647.0M)]
 [Times: user=1.00 sys=0.04, real=0.34 secs] 
3.865: [GC pause (G1 Evacuation Pause) (young), 0.3567634 secs]
   [Parallel Time: 355.3 ms, GC Workers: 4]
      [GC Worker Start (ms): Min: 3864.9, Avg: 3864.9, Max: 3865.0, Diff: 0.0]
      [Ext Root Scanning (ms): Min: 0.1, Avg: 0.1, Max: 0.2, Diff: 0.0, Sum: 0.6]
      [Update RS (ms): Min: 1.1, Avg: 1.3, Max: 1.6, Diff: 0.5, Sum: 5.3]
         [Processed Buffers: Min: 2, Avg: 3.0, Max: 4, Diff: 2, Sum: 12]
      [Scan RS (ms): Min: 0.0, Avg: 0.0, Max: 0.1, Diff: 0.1, Sum: 0.1]
      [Code Root Scanning (ms): Min: 0.0, Avg: 0.0, Max: 0.0, Diff: 0.0, Sum: 0.0]
      [Object Copy (ms): Min: 95.9, Avg: 107.7, Max: 122.3, Diff: 26.4, Sum: 431.0]
      [Termination (ms): Min: 230.9, Avg: 245.8, Max: 257.9, Diff: 27.0, Sum: 983.3]
         [Termination Attempts: Min: 2390, Avg: 2527.2, Max: 2713, Diff: 323, Sum: 10109]
      [GC Worker Other (ms): Min: 0.0, Avg: 0.0, Max: 0.0, Diff: 0.0, Sum: 0.0]
      [GC Worker Total (ms): Min: 355.0, Avg: 355.1, Max: 355.2, Diff: 0.2, Sum: 1420.3]
      [GC Worker End (ms): Min: 4220.0, Avg: 4220.0, Max: 4220.2, Diff: 0.2]
   [Code Root Fixup: 0.0 ms]
   [Code Root Purge: 0.0 ms]
   [Clear CT: 0.0 ms]
   [Other: 1.4 ms]
      [Choose CSet: 0.0 ms]
      [Ref Proc: 0.2 ms]
      [Ref Enq: 0.0 ms]
      [Redirty Cards: 0.3 ms]
      [Humongous Register: 0.0 ms]
      [Humongous Reclaim: 0.0 ms]
      [Free CSet: 0.0 ms]
   [Eden: 72.0M(72.0M)->0.0B(75.0M) Survivors: 10.0M->11.0M Heap: 400.0M(1647.0M)->401.0M(1728.0M)]
 [Times: user=1.08 sys=0.04, real=0.35 secs] 
4.457: [GC pause (G1 Evacuation Pause) (young), 0.3497264 secs]
   [Parallel Time: 348.4 ms, GC Workers: 4]
      [GC Worker Start (ms): Min: 4456.9, Avg: 4457.0, Max: 4457.0, Diff: 0.0]
      [Ext Root Scanning (ms): Min: 0.1, Avg: 0.1, Max: 0.2, Diff: 0.1, Sum: 0.6]
      [Update RS (ms): Min: 1.3, Avg: 1.4, Max: 1.7, Diff: 0.4, Sum: 5.7]
         [Processed Buffers: Min: 3, Avg: 3.8, Max: 5, Diff: 2, Sum: 15]
      [Scan RS (ms): Min: 0.0, Avg: 0.0, Max: 0.0, Diff: 0.0, Sum: 0.1]
      [Code Root Scanning (ms): Min: 0.0, Avg: 0.0, Max: 0.0, Diff: 0.0, Sum: 0.0]
      [Object Copy (ms): Min: 103.7, Avg: 106.1, Max: 109.0, Diff: 5.2, Sum: 424.3]
      [Termination (ms): Min: 237.5, Avg: 240.7, Max: 242.9, Diff: 5.4, Sum: 962.7]
         [Termination Attempts: Min: 2575, Avg: 2668.2, Max: 2814, Diff: 239, Sum: 10673]
      [GC Worker Other (ms): Min: 0.0, Avg: 0.0, Max: 0.0, Diff: 0.0, Sum: 0.0]
      [GC Worker Total (ms): Min: 348.3, Avg: 348.4, Max: 348.4, Diff: 0.0, Sum: 1393.4]
      [GC Worker End (ms): Min: 4805.3, Avg: 4805.3, Max: 4805.4, Diff: 0.0]
   [Code Root Fixup: 0.0 ms]
   [Code Root Purge: 0.0 ms]
   [Clear CT: 0.1 ms]
   [Other: 1.2 ms]
      [Choose CSet: 0.0 ms]
      [Ref Proc: 0.1 ms]
      [Ref Enq: 0.0 ms]
      [Redirty Cards: 0.3 ms]
      [Humongous Register: 0.0 ms]
      [Humongous Reclaim: 0.0 ms]
      [Free CSet: 0.0 ms]
   [Eden: 75.0M(75.0M)->0.0B(78.0M) Survivors: 11.0M->11.0M Heap: 476.0M(1728.0M)->477.0M(1792.0M)]
 [Times: user=1.06 sys=0.03, real=0.35 secs] 
5.031: [GC pause (G1 Evacuation Pause) (young), 0.3982471 secs]
   [Parallel Time: 395.3 ms, GC Workers: 4]
      [GC Worker Start (ms): Min: 5030.7, Avg: 5030.7, Max: 5030.7, Diff: 0.1]
      [Ext Root Scanning (ms): Min: 0.1, Avg: 0.1, Max: 0.2, Diff: 0.1, Sum: 0.6]
      [Update RS (ms): Min: 1.4, Avg: 1.6, Max: 1.7, Diff: 0.3, Sum: 6.2]
         [Processed Buffers: Min: 2, Avg: 4.0, Max: 7, Diff: 5, Sum: 16]
      [Scan RS (ms): Min: 0.0, Avg: 0.0, Max: 0.1, Diff: 0.1, Sum: 0.2]
      [Code Root Scanning (ms): Min: 0.0, Avg: 0.0, Max: 0.0, Diff: 0.0, Sum: 0.0]
      [Object Copy (ms): Min: 109.0, Avg: 117.3, Max: 121.6, Diff: 12.7, Sum: 469.0]
      [Termination (ms): Min: 271.7, Avg: 276.1, Max: 284.3, Diff: 12.6, Sum: 1104.4]
         [Termination Attempts: Min: 2475, Avg: 2628.5, Max: 2694, Diff: 219, Sum: 10514]
      [GC Worker Other (ms): Min: 0.0, Avg: 0.0, Max: 0.0, Diff: 0.0, Sum: 0.0]
      [GC Worker Total (ms): Min: 395.1, Avg: 395.1, Max: 395.2, Diff: 0.1, Sum: 1580.5]
      [GC Worker End (ms): Min: 5425.8, Avg: 5425.8, Max: 5425.9, Diff: 0.1]
   [Code Root Fixup: 0.0 ms]
   [Code Root Purge: 0.0 ms]
   [Clear CT: 0.0 ms]
   [Other: 2.9 ms]
      [Choose CSet: 0.0 ms]
      [Ref Proc: 0.8 ms]
      [Ref Enq: 0.0 ms]
      [Redirty Cards: 0.3 ms]
      [Humongous Register: 0.0 ms]
      [Humongous Reclaim: 0.0 ms]
      [Free CSet: 0.0 ms]
   [Eden: 78.0M(78.0M)->0.0B(80.0M) Survivors: 11.0M->12.0M Heap: 555.0M(1792.0M)->556.5M(1844.0M)]
 [Times: user=1.15 sys=0.05, real=0.40 secs] 
5.854: [GC pause (G1 Evacuation Pause) (young), 0.4047198 secs]
   [Parallel Time: 402.9 ms, GC Workers: 4]
      [GC Worker Start (ms): Min: 5854.4, Avg: 5854.4, Max: 5854.4, Diff: 0.0]
      [Ext Root Scanning (ms): Min: 0.1, Avg: 0.2, Max: 0.2, Diff: 0.0, Sum: 0.6]
      [Update RS (ms): Min: 1.8, Avg: 2.0, Max: 2.3, Diff: 0.5, Sum: 8.2]
         [Processed Buffers: Min: 3, Avg: 4.2, Max: 6, Diff: 3, Sum: 17]
      [Scan RS (ms): Min: 0.0, Avg: 0.0, Max: 0.1, Diff: 0.1, Sum: 0.1]
      [Code Root Scanning (ms): Min: 0.0, Avg: 0.0, Max: 0.0, Diff: 0.0, Sum: 0.0]
      [Object Copy (ms): Min: 110.6, Avg: 122.5, Max: 135.4, Diff: 24.9, Sum: 489.9]
      [Termination (ms): Min: 264.9, Avg: 278.1, Max: 290.3, Diff: 25.4, Sum: 1112.4]
         [Termination Attempts: Min: 2426, Avg: 2710.8, Max: 2942, Diff: 516, Sum: 10843]
      [GC Worker Other (ms): Min: 0.0, Avg: 0.0, Max: 0.0, Diff: 0.0, Sum: 0.0]
      [GC Worker Total (ms): Min: 402.8, Avg: 402.8, Max: 402.9, Diff: 0.1, Sum: 1611.2]
      [GC Worker End (ms): Min: 6257.2, Avg: 6257.2, Max: 6257.2, Diff: 0.1]
   [Code Root Fixup: 0.0 ms]
   [Code Root Purge: 0.0 ms]
   [Clear CT: 0.1 ms]
   [Other: 1.7 ms]
      [Choose CSet: 0.0 ms]
      [Ref Proc: 0.6 ms]
      [Ref Enq: 0.0 ms]
      [Redirty Cards: 0.3 ms]
      [Humongous Register: 0.0 ms]
      [Humongous Reclaim: 0.0 ms]
      [Free CSet: 0.0 ms]
   [Eden: 80.0M(80.0M)->0.0B(82.0M) Survivors: 12.0M->12.0M Heap: 636.5M(1844.0M)->637.5M(1885.0M)]
 [Times: user=1.00 sys=0.05, real=0.40 secs] 
6.486: [GC pause (G1 Evacuation Pause) (young), 0.5734369 secs]
   [Parallel Time: 571.7 ms, GC Workers: 4]
      [GC Worker Start (ms): Min: 6485.7, Avg: 6485.8, Max: 6485.8, Diff: 0.0]
      [Ext Root Scanning (ms): Min: 0.1, Avg: 0.2, Max: 0.2, Diff: 0.1, Sum: 0.6]
      [Update RS (ms): Min: 2.2, Avg: 2.4, Max: 2.8, Diff: 0.6, Sum: 9.7]
         [Processed Buffers: Min: 2, Avg: 4.0, Max: 5, Diff: 3, Sum: 16]
      [Scan RS (ms): Min: 0.0, Avg: 0.0, Max: 0.1, Diff: 0.1, Sum: 0.1]
      [Code Root Scanning (ms): Min: 0.0, Avg: 0.0, Max: 0.0, Diff: 0.0, Sum: 0.0]
      [Object Copy (ms): Min: 93.1, Avg: 183.7, Max: 328.9, Diff: 235.8, Sum: 734.7]
      [Termination (ms): Min: 240.2, Avg: 385.3, Max: 475.9, Diff: 235.8, Sum: 1541.1]
         [Termination Attempts: Min: 895, Avg: 982.2, Max: 1044, Diff: 149, Sum: 3929]
      [GC Worker Other (ms): Min: 0.0, Avg: 0.0, Max: 0.0, Diff: 0.0, Sum: 0.0]
      [GC Worker Total (ms): Min: 571.4, Avg: 571.6, Max: 571.6, Diff: 0.2, Sum: 2286.3]
      [GC Worker End (ms): Min: 7057.2, Avg: 7057.3, Max: 7057.4, Diff: 0.2]
   [Code Root Fixup: 0.0 ms]
   [Code Root Purge: 0.0 ms]
   [Clear CT: 0.1 ms]
   [Other: 1.7 ms]
      [Choose CSet: 0.0 ms]
      [Ref Proc: 0.2 ms]
      [Ref Enq: 0.0 ms]
      [Redirty Cards: 0.5 ms]
      [Humongous Register: 0.0 ms]
      [Humongous Reclaim: 0.0 ms]
      [Free CSet: 0.0 ms]
   [Eden: 82.0M(82.0M)->0.0B(83.0M) Survivors: 12.0M->12.0M Heap: 719.5M(1885.0M)->720.0M(1918.0M)]
 [Times: user=0.61 sys=0.04, real=0.57 secs] 
7.413: [GC pause (G1 Evacuation Pause) (young), 0.5983740 secs]
   [Parallel Time: 596.2 ms, GC Workers: 4]
      [GC Worker Start (ms): Min: 7413.3, Avg: 7413.3, Max: 7413.4, Diff: 0.1]
      [Ext Root Scanning (ms): Min: 0.1, Avg: 0.2, Max: 0.2, Diff: 0.1, Sum: 0.7]
      [Update RS (ms): Min: 3.4, Avg: 3.6, Max: 4.1, Diff: 0.7, Sum: 14.6]
         [Processed Buffers: Min: 2, Avg: 4.5, Max: 7, Diff: 5, Sum: 18]
      [Scan RS (ms): Min: 0.0, Avg: 0.1, Max: 0.2, Diff: 0.2, Sum: 0.3]
      [Code Root Scanning (ms): Min: 0.0, Avg: 0.0, Max: 0.0, Diff: 0.0, Sum: 0.0]
      [Object Copy (ms): Min: 108.9, Avg: 176.2, Max: 242.2, Diff: 133.3, Sum: 704.9]
      [Termination (ms): Min: 350.2, Avg: 415.9, Max: 483.3, Diff: 133.1, Sum: 1663.6]
         [Termination Attempts: Min: 331, Avg: 460.5, Max: 561, Diff: 230, Sum: 1842]
      [GC Worker Other (ms): Min: 0.0, Avg: 0.0, Max: 0.0, Diff: 0.0, Sum: 0.0]
      [GC Worker Total (ms): Min: 596.0, Avg: 596.0, Max: 596.0, Diff: 0.1, Sum: 2384.0]
      [GC Worker End (ms): Min: 8009.3, Avg: 8009.4, Max: 8009.4, Diff: 0.1]
   [Code Root Fixup: 0.0 ms]
   [Code Root Purge: 0.0 ms]
   [Clear CT: 0.1 ms]
   [Other: 2.1 ms]
      [Choose CSet: 0.0 ms]
      [Ref Proc: 1.0 ms]
      [Ref Enq: 0.0 ms]
      [Redirty Cards: 0.3 ms]
      [Humongous Register: 0.1 ms]
      [Humongous Reclaim: 0.0 ms]
      [Free CSet: 0.0 ms]
   [Eden: 83.0M(83.0M)->0.0B(85.0M) Survivors: 12.0M->12.0M Heap: 803.0M(1918.0M)->804.0M(1944.0M)]
 [Times: user=0.60 sys=0.06, real=0.60 secs] 
8.284: [GC pause (G1 Evacuation Pause) (young), 0.4762365 secs]
   [Parallel Time: 473.1 ms, GC Workers: 4]
      [GC Worker Start (ms): Min: 8284.5, Avg: 8284.6, Max: 8284.7, Diff: 0.1]
      [Ext Root Scanning (ms): Min: 0.1, Avg: 0.2, Max: 0.2, Diff: 0.1, Sum: 0.7]
      [Update RS (ms): Min: 1.6, Avg: 2.0, Max: 2.4, Diff: 0.8, Sum: 7.8]
         [Processed Buffers: Min: 3, Avg: 4.8, Max: 7, Diff: 4, Sum: 19]
      [Scan RS (ms): Min: 0.0, Avg: 0.0, Max: 0.1, Diff: 0.1, Sum: 0.2]
      [Code Root Scanning (ms): Min: 0.0, Avg: 0.0, Max: 0.0, Diff: 0.0, Sum: 0.0]
      [Object Copy (ms): Min: 120.6, Avg: 145.7, Max: 186.4, Diff: 65.8, Sum: 582.7]
      [Termination (ms): Min: 284.8, Avg: 325.2, Max: 350.1, Diff: 65.3, Sum: 1300.7]
         [Termination Attempts: Min: 1872, Avg: 1974.2, Max: 2070, Diff: 198, Sum: 7897]
      [GC Worker Other (ms): Min: 0.0, Avg: 0.0, Max: 0.0, Diff: 0.0, Sum: 0.0]
      [GC Worker Total (ms): Min: 473.0, Avg: 473.0, Max: 473.1, Diff: 0.1, Sum: 1892.2]
      [GC Worker End (ms): Min: 8757.6, Avg: 8757.6, Max: 8757.6, Diff: 0.0]
   [Code Root Fixup: 0.0 ms]
   [Code Root Purge: 0.0 ms]
   [Clear CT: 0.1 ms]
   [Other: 3.0 ms]
      [Choose CSet: 0.0 ms]
      [Ref Proc: 2.0 ms]
      [Ref Enq: 0.0 ms]
      [Redirty Cards: 0.4 ms]
      [Humongous Register: 0.0 ms]
      [Humongous Reclaim: 0.0 ms]
      [Free CSet: 0.0 ms]
   [Eden: 85.0M(85.0M)->0.0B(85.0M) Survivors: 12.0M->13.0M Heap: 889.0M(1944.0M)->890.5M(1965.0M)]
 [Times: user=0.96 sys=0.08, real=0.47 secs] 
9.041: [GC pause (G1 Evacuation Pause) (young), 0.4422964 secs]
   [Parallel Time: 440.9 ms, GC Workers: 4]
      [GC Worker Start (ms): Min: 9040.7, Avg: 9040.9, Max: 9041.6, Diff: 0.9]
      [Ext Root Scanning (ms): Min: 0.0, Avg: 0.3, Max: 0.6, Diff: 0.6, Sum: 1.0]
      [Update RS (ms): Min: 2.1, Avg: 2.6, Max: 2.9, Diff: 0.8, Sum: 10.5]
         [Processed Buffers: Min: 5, Avg: 5.0, Max: 5, Diff: 0, Sum: 20]
      [Scan RS (ms): Min: 0.0, Avg: 0.0, Max: 0.1, Diff: 0.1, Sum: 0.1]
      [Code Root Scanning (ms): Min: 0.0, Avg: 0.0, Max: 0.0, Diff: 0.0, Sum: 0.0]
      [Object Copy (ms): Min: 123.4, Avg: 138.2, Max: 157.1, Diff: 33.6, Sum: 552.8]
      [Termination (ms): Min: 280.7, Avg: 299.4, Max: 314.2, Diff: 33.5, Sum: 1197.8]
         [Termination Attempts: Min: 2748, Avg: 2914.8, Max: 3059, Diff: 311, Sum: 11659]
      [GC Worker Other (ms): Min: 0.0, Avg: 0.0, Max: 0.0, Diff: 0.0, Sum: 0.0]
      [GC Worker Total (ms): Min: 439.8, Avg: 440.6, Max: 440.9, Diff: 1.1, Sum: 1762.2]
      [GC Worker End (ms): Min: 9481.4, Avg: 9481.5, Max: 9481.6, Diff: 0.2]
   [Code Root Fixup: 0.0 ms]
   [Code Root Purge: 0.0 ms]
   [Clear CT: 0.1 ms]
   [Other: 1.3 ms]
      [Choose CSet: 0.0 ms]
      [Ref Proc: 0.1 ms]
      [Ref Enq: 0.0 ms]
      [Redirty Cards: 0.6 ms]
      [Humongous Register: 0.1 ms]
      [Humongous Reclaim: 0.0 ms]
      [Free CSet: 0.0 ms]
   [Eden: 85.0M(85.0M)->0.0B(90.0M) Survivors: 13.0M->13.0M Heap: 975.5M(1965.0M)->977.0M(1982.0M)]
 [Times: user=1.09 sys=0.05, real=0.44 secs] 
9.746: [GC pause (G1 Evacuation Pause) (young) (initial-mark), 0.4985192 secs]
   [Parallel Time: 494.5 ms, GC Workers: 4]
      [GC Worker Start (ms): Min: 9745.7, Avg: 9745.9, Max: 9746.1, Diff: 0.5]
      [Ext Root Scanning (ms): Min: 0.1, Avg: 0.4, Max: 0.8, Diff: 0.6, Sum: 1.7]
      [Update RS (ms): Min: 2.2, Avg: 2.8, Max: 3.7, Diff: 1.4, Sum: 11.2]
         [Processed Buffers: Min: 3, Avg: 5.5, Max: 10, Diff: 7, Sum: 22]
      [Scan RS (ms): Min: 0.0, Avg: 0.0, Max: 0.1, Diff: 0.1, Sum: 0.2]
      [Code Root Scanning (ms): Min: 0.0, Avg: 0.0, Max: 0.0, Diff: 0.0, Sum: 0.0]
      [Object Copy (ms): Min: 126.9, Avg: 147.1, Max: 164.9, Diff: 38.0, Sum: 588.3]
      [Termination (ms): Min: 325.3, Avg: 343.8, Max: 364.4, Diff: 39.1, Sum: 1375.3]
         [Termination Attempts: Min: 2264, Avg: 2438.5, Max: 2552, Diff: 288, Sum: 9754]
      [GC Worker Other (ms): Min: 0.0, Avg: 0.0, Max: 0.0, Diff: 0.0, Sum: 0.0]
      [GC Worker Total (ms): Min: 493.9, Avg: 494.2, Max: 494.5, Diff: 0.6, Sum: 1976.7]
      [GC Worker End (ms): Min: 10240.0, Avg: 10240.1, Max: 10240.2, Diff: 0.1]
   [Code Root Fixup: 0.0 ms]
   [Code Root Purge: 0.0 ms]
   [Clear CT: 0.1 ms]
   [Other: 3.9 ms]
      [Choose CSet: 0.0 ms]
      [Ref Proc: 1.1 ms]
      [Ref Enq: 0.0 ms]
      [Redirty Cards: 0.4 ms]
      [Humongous Register: 0.0 ms]
      [Humongous Reclaim: 0.0 ms]
      [Free CSet: 0.0 ms]
   [Eden: 90.0M(90.0M)->0.0B(95.0M) Survivors: 13.0M->13.0M Heap: 1067.0M(1982.0M)->1067.5M(1996.0M)]
 [Times: user=1.19 sys=0.06, real=0.50 secs] 
10.244: [GC concurrent-root-region-scan-start]
10.273: [GC concurrent-root-region-scan-end, 0.0288340 secs]
10.273: [GC concurrent-mark-start]
10.677: [GC pause (G1 Evacuation Pause) (young), 0.5314198 secs]
   [Parallel Time: 530.4 ms, GC Workers: 4]
      [GC Worker Start (ms): Min: 10676.7, Avg: 10678.7, Max: 10684.7, Diff: 8.0]
      [Ext Root Scanning (ms): Min: 0.0, Avg: 0.1, Max: 0.2, Diff: 0.2, Sum: 0.6]
      [Update RS (ms): Min: 0.0, Avg: 5.4, Max: 7.4, Diff: 7.4, Sum: 21.7]
         [Processed Buffers: Min: 0, Avg: 5.2, Max: 9, Diff: 9, Sum: 21]
      [Scan RS (ms): Min: 0.0, Avg: 0.0, Max: 0.1, Diff: 0.1, Sum: 0.1]
      [Code Root Scanning (ms): Min: 0.0, Avg: 0.0, Max: 0.0, Diff: 0.0, Sum: 0.0]
      [Object Copy (ms): Min: 152.6, Avg: 167.4, Max: 178.8, Diff: 26.2, Sum: 669.8]
      [Termination (ms): Min: 344.0, Avg: 355.2, Max: 369.7, Diff: 25.7, Sum: 1420.9]
         [Termination Attempts: Min: 2415, Avg: 2582.8, Max: 2692, Diff: 277, Sum: 10331]
      [GC Worker Other (ms): Min: 0.0, Avg: 0.0, Max: 0.0, Diff: 0.0, Sum: 0.0]
      [GC Worker Total (ms): Min: 522.3, Avg: 528.3, Max: 530.3, Diff: 8.0, Sum: 2113.2]
      [GC Worker End (ms): Min: 11207.0, Avg: 11207.0, Max: 11207.0, Diff: 0.0]
   [Code Root Fixup: 0.0 ms]
   [Code Root Purge: 0.0 ms]
   [Clear CT: 0.1 ms]
   [Other: 1.0 ms]
      [Choose CSet: 0.0 ms]
      [Ref Proc: 0.3 ms]
      [Ref Enq: 0.0 ms]
      [Redirty Cards: 0.3 ms]
      [Humongous Register: 0.1 ms]
      [Humongous Reclaim: 0.0 ms]
      [Free CSet: 0.0 ms]
   [Eden: 95.0M(95.0M)->0.0B(86.0M) Survivors: 13.0M->14.0M Heap: 1162.5M(1996.0M)->1163.5M(2007.0M)]
 [Times: user=1.14 sys=0.05, real=0.53 secs] 
11.511: [GC pause (G1 Evacuation Pause) (young), 0.4116367 secs]
   [Parallel Time: 410.9 ms, GC Workers: 4]
      [GC Worker Start (ms): Min: 11511.6, Avg: 11511.6, Max: 11511.7, Diff: 0.1]
      [Ext Root Scanning (ms): Min: 0.1, Avg: 0.2, Max: 0.2, Diff: 0.1, Sum: 0.7]
      [Update RS (ms): Min: 3.2, Avg: 3.4, Max: 3.6, Diff: 0.4, Sum: 13.5]
         [Processed Buffers: Min: 5, Avg: 5.8, Max: 7, Diff: 2, Sum: 23]
      [Scan RS (ms): Min: 0.0, Avg: 0.0, Max: 0.1, Diff: 0.1, Sum: 0.1]
      [Code Root Scanning (ms): Min: 0.0, Avg: 0.0, Max: 0.0, Diff: 0.0, Sum: 0.0]
      [Object Copy (ms): Min: 116.9, Avg: 125.5, Max: 137.7, Diff: 20.8, Sum: 502.2]
      [Termination (ms): Min: 269.3, Avg: 281.6, Max: 290.1, Diff: 20.8, Sum: 1126.3]
         [Termination Attempts: Min: 3140, Avg: 3320.8, Max: 3441, Diff: 301, Sum: 13283]
      [GC Worker Other (ms): Min: 0.0, Avg: 0.0, Max: 0.0, Diff: 0.0, Sum: 0.0]
      [GC Worker Total (ms): Min: 410.6, Avg: 410.7, Max: 410.8, Diff: 0.2, Sum: 1642.8]
      [GC Worker End (ms): Min: 11922.3, Avg: 11922.3, Max: 11922.4, Diff: 0.1]
   [Code Root Fixup: 0.0 ms]
   [Code Root Purge: 0.0 ms]
   [Clear CT: 0.0 ms]
   [Other: 0.7 ms]
      [Choose CSet: 0.0 ms]
      [Ref Proc: 0.1 ms]
      [Ref Enq: 0.0 ms]
      [Redirty Cards: 0.3 ms]
      [Humongous Register: 0.1 ms]
      [Humongous Reclaim: 0.0 ms]
      [Free CSet: 0.0 ms]
   [Eden: 86.0M(86.0M)->0.0B(87.0M) Survivors: 14.0M->13.0M Heap: 1249.5M(2007.0M)->1251.0M(2016.0M)]
 [Times: user=1.22 sys=0.05, real=0.41 secs] 
12.228: [GC pause (G1 Evacuation Pause) (young), 0.3923989 secs]
   [Parallel Time: 391.1 ms, GC Workers: 4]
      [GC Worker Start (ms): Min: 12228.5, Avg: 12228.5, Max: 12228.5, Diff: 0.0]
      [Ext Root Scanning (ms): Min: 0.1, Avg: 0.2, Max: 0.2, Diff: 0.0, Sum: 0.6]
      [Update RS (ms): Min: 3.7, Avg: 4.0, Max: 4.5, Diff: 0.8, Sum: 15.8]
         [Processed Buffers: Min: 5, Avg: 6.5, Max: 8, Diff: 3, Sum: 26]
      [Scan RS (ms): Min: 0.0, Avg: 0.0, Max: 0.1, Diff: 0.1, Sum: 0.1]
      [Code Root Scanning (ms): Min: 0.0, Avg: 0.0, Max: 0.0, Diff: 0.0, Sum: 0.0]
      [Object Copy (ms): Min: 112.9, Avg: 120.2, Max: 129.6, Diff: 16.7, Sum: 480.9]
      [Termination (ms): Min: 257.5, Avg: 266.6, Max: 273.4, Diff: 16.0, Sum: 1066.4]
         [Termination Attempts: Min: 3021, Avg: 3150.8, Max: 3329, Diff: 308, Sum: 12603]
      [GC Worker Other (ms): Min: 0.0, Avg: 0.0, Max: 0.0, Diff: 0.0, Sum: 0.0]
      [GC Worker Total (ms): Min: 391.0, Avg: 391.0, Max: 391.0, Diff: 0.1, Sum: 1563.9]
      [GC Worker End (ms): Min: 12619.4, Avg: 12619.5, Max: 12619.5, Diff: 0.1]
   [Code Root Fixup: 0.0 ms]
   [Code Root Purge: 0.0 ms]
   [Clear CT: 0.1 ms]
   [Other: 1.2 ms]
      [Choose CSet: 0.0 ms]
      [Ref Proc: 0.6 ms]
      [Ref Enq: 0.0 ms]
      [Redirty Cards: 0.4 ms]
      [Humongous Register: 0.0 ms]
      [Humongous Reclaim: 0.0 ms]
      [Free CSet: 0.0 ms]
   [Eden: 87.0M(87.0M)->0.0B(88.0M) Survivors: 13.0M->13.0M Heap: 1338.0M(2016.0M)->1339.0M(2023.0M)]
 [Times: user=1.24 sys=0.05, real=0.39 secs] 
12.918: [GC pause (G1 Evacuation Pause) (young), 0.3776534 secs]
   [Parallel Time: 376.8 ms, GC Workers: 4]
      [GC Worker Start (ms): Min: 12918.0, Avg: 12918.3, Max: 12918.9, Diff: 0.9]
      [Ext Root Scanning (ms): Min: 0.0, Avg: 0.3, Max: 0.7, Diff: 0.7, Sum: 1.1]
      [Update RS (ms): Min: 3.3, Avg: 3.8, Max: 4.0, Diff: 0.7, Sum: 15.1]
         [Processed Buffers: Min: 4, Avg: 7.0, Max: 9, Diff: 5, Sum: 28]
      [Scan RS (ms): Min: 0.0, Avg: 0.0, Max: 0.1, Diff: 0.1, Sum: 0.1]
      [Code Root Scanning (ms): Min: 0.0, Avg: 0.0, Max: 0.0, Diff: 0.0, Sum: 0.0]
      [Object Copy (ms): Min: 106.9, Avg: 116.4, Max: 122.9, Diff: 16.1, Sum: 465.5]
      [Termination (ms): Min: 249.5, Avg: 256.0, Max: 265.2, Diff: 15.7, Sum: 1023.9]
         [Termination Attempts: Min: 3407, Avg: 3756.0, Max: 3988, Diff: 581, Sum: 15024]
      [GC Worker Other (ms): Min: 0.0, Avg: 0.0, Max: 0.1, Diff: 0.1, Sum: 0.1]
      [GC Worker Total (ms): Min: 375.9, Avg: 376.5, Max: 376.7, Diff: 0.9, Sum: 1505.9]
      [GC Worker End (ms): Min: 13294.7, Avg: 13294.7, Max: 13294.8, Diff: 0.1]
   [Code Root Fixup: 0.0 ms]
   [Code Root Purge: 0.0 ms]
   [Clear CT: 0.1 ms]
   [Other: 0.8 ms]
      [Choose CSet: 0.0 ms]
      [Ref Proc: 0.1 ms]
      [Ref Enq: 0.0 ms]
      [Redirty Cards: 0.4 ms]
      [Humongous Register: 0.1 ms]
      [Humongous Reclaim: 0.0 ms]
      [Free CSet: 0.0 ms]
   [Eden: 88.0M(88.0M)->0.0B(105.0M) Survivors: 13.0M->13.0M Heap: 1427.0M(2023.0M)->1428.0M(2028.0M)]
 [Times: user=1.16 sys=0.02, real=0.38 secs] 
13.620: [GC pause (G1 Evacuation Pause) (young), 0.4529617 secs]
   [Parallel Time: 452.2 ms, GC Workers: 4]
      [GC Worker Start (ms): Min: 13619.6, Avg: 13619.6, Max: 13619.7, Diff: 0.1]
      [Ext Root Scanning (ms): Min: 0.1, Avg: 0.1, Max: 0.2, Diff: 0.1, Sum: 0.6]
      [Update RS (ms): Min: 4.0, Avg: 4.3, Max: 4.5, Diff: 0.5, Sum: 17.1]
         [Processed Buffers: Min: 6, Avg: 7.2, Max: 9, Diff: 3, Sum: 29]
      [Scan RS (ms): Min: 0.0, Avg: 0.0, Max: 0.1, Diff: 0.1, Sum: 0.1]
      [Code Root Scanning (ms): Min: 0.0, Avg: 0.0, Max: 0.0, Diff: 0.0, Sum: 0.0]
      [Object Copy (ms): Min: 127.4, Avg: 134.9, Max: 140.2, Diff: 12.8, Sum: 539.7]
      [Termination (ms): Min: 307.2, Avg: 312.7, Max: 320.3, Diff: 13.1, Sum: 1250.6]
         [Termination Attempts: Min: 3897, Avg: 4222.5, Max: 4365, Diff: 468, Sum: 16890]
      [GC Worker Other (ms): Min: 0.0, Avg: 0.0, Max: 0.0, Diff: 0.0, Sum: 0.0]
      [GC Worker Total (ms): Min: 451.9, Avg: 452.0, Max: 452.1, Diff: 0.2, Sum: 1808.1]
      [GC Worker End (ms): Min: 14071.6, Avg: 14071.7, Max: 14071.8, Diff: 0.2]
   [Code Root Fixup: 0.0 ms]
   [Code Root Purge: 0.0 ms]
   [Clear CT: 0.0 ms]
   [Other: 0.7 ms]
      [Choose CSet: 0.0 ms]
      [Ref Proc: 0.1 ms]
      [Ref Enq: 0.0 ms]
      [Redirty Cards: 0.4 ms]
      [Humongous Register: 0.0 ms]
      [Humongous Reclaim: 0.0 ms]
      [Free CSet: 0.1 ms]
   [Eden: 105.0M(105.0M)->0.0B(131.0M) Survivors: 13.0M->15.0M Heap: 1533.0M(2028.0M)->1534.0M(2032.0M)]
 [Times: user=1.42 sys=0.02, real=0.45 secs] 
14.515: [GC pause (G1 Evacuation Pause) (young), 0.7211367 secs]
   [Parallel Time: 720.3 ms, GC Workers: 4]
      [GC Worker Start (ms): Min: 14529.7, Avg: 14547.3, Max: 14592.8, Diff: 63.0]
      [Ext Root Scanning (ms): Min: 0.0, Avg: 0.1, Max: 0.2, Diff: 0.2, Sum: 0.5]
      [Update RS (ms): Min: 0.0, Avg: 30.9, Max: 63.1, Diff: 63.1, Sum: 123.7]
         [Processed Buffers: Min: 0, Avg: 8.2, Max: 13, Diff: 13, Sum: 33]
      [Scan RS (ms): Min: 0.0, Avg: 0.0, Max: 0.1, Diff: 0.1, Sum: 0.1]
      [Code Root Scanning (ms): Min: 0.0, Avg: 0.0, Max: 0.0, Diff: 0.0, Sum: 0.0]
      [Object Copy (ms): Min: 175.1, Avg: 212.6, Max: 252.2, Diff: 77.1, Sum: 850.5]
      [Termination (ms): Min: 434.0, Avg: 443.9, Max: 466.8, Diff: 32.8, Sum: 1775.6]
         [Termination Attempts: Min: 4234, Avg: 4583.5, Max: 4871, Diff: 637, Sum: 18334]
      [GC Worker Other (ms): Min: 0.0, Avg: 0.0, Max: 0.0, Diff: 0.0, Sum: 0.0]
      [GC Worker Total (ms): Min: 642.3, Avg: 687.6, Max: 705.2, Diff: 62.9, Sum: 2750.4]
      [GC Worker End (ms): Min: 15234.9, Avg: 15234.9, Max: 15235.1, Diff: 0.2]
   [Code Root Fixup: 0.0 ms]
   [Code Root Purge: 0.0 ms]
   [Clear CT: 0.1 ms]
   [Other: 0.8 ms]
      [Choose CSet: 0.0 ms]
      [Ref Proc: 0.1 ms]
      [Ref Enq: 0.0 ms]
      [Redirty Cards: 0.5 ms]
      [Humongous Register: 0.0 ms]
      [Humongous Reclaim: 0.0 ms]
      [Free CSet: 0.0 ms]
   [Eden: 131.0M(131.0M)->0.0B(83.0M) Survivors: 15.0M->19.0M Heap: 1665.0M(2032.0M)->1666.0M(2036.0M)]
 [Times: user=1.57 sys=0.03, real=0.72 secs] 
15.668: [GC pause (G1 Evacuation Pause) (young), 0.4642150 secs]
   [Parallel Time: 463.1 ms, GC Workers: 4]
      [GC Worker Start (ms): Min: 15668.5, Avg: 15670.4, Max: 15675.7, Diff: 7.2]
      [Ext Root Scanning (ms): Min: 0.0, Avg: 0.1, Max: 0.3, Diff: 0.3, Sum: 0.5]
      [Update RS (ms): Min: 0.0, Avg: 4.0, Max: 5.5, Diff: 5.5, Sum: 16.0]
         [Processed Buffers: Min: 0, Avg: 7.5, Max: 11, Diff: 11, Sum: 30]
      [Scan RS (ms): Min: 0.0, Avg: 0.0, Max: 0.1, Diff: 0.1, Sum: 0.1]
      [Code Root Scanning (ms): Min: 0.0, Avg: 0.0, Max: 0.0, Diff: 0.0, Sum: 0.0]
      [Object Copy (ms): Min: 147.4, Avg: 170.5, Max: 187.8, Diff: 40.3, Sum: 682.0]
      [Termination (ms): Min: 269.4, Avg: 286.5, Max: 310.0, Diff: 40.6, Sum: 1145.8]
         [Termination Attempts: Min: 1969, Avg: 2285.0, Max: 2609, Diff: 640, Sum: 9140]
      [GC Worker Other (ms): Min: 0.0, Avg: 0.0, Max: 0.0, Diff: 0.0, Sum: 0.1]
      [GC Worker Total (ms): Min: 455.8, Avg: 461.1, Max: 463.0, Diff: 7.2, Sum: 1844.5]
      [GC Worker End (ms): Min: 16131.5, Avg: 16131.5, Max: 16131.5, Diff: 0.0]
   [Code Root Fixup: 0.0 ms]
   [Code Root Purge: 0.0 ms]
   [Clear CT: 0.1 ms]
   [Other: 1.1 ms]
      [Choose CSet: 0.0 ms]
      [Ref Proc: 0.1 ms]
      [Ref Enq: 0.0 ms]
      [Redirty Cards: 0.7 ms]
      [Humongous Register: 0.1 ms]
      [Humongous Reclaim: 0.0 ms]
      [Free CSet: 0.0 ms]
   [Eden: 83.0M(83.0M)->0.0B(88.0M) Survivors: 19.0M->13.0M Heap: 1749.0M(2036.0M)->1750.0M(2039.0M)]
 [Times: user=0.85 sys=0.01, real=0.46 secs] 
16.470: [GC pause (G1 Evacuation Pause) (young), 0.6316772 secs]
   [Parallel Time: 630.2 ms, GC Workers: 4]
      [GC Worker Start (ms): Min: 16469.9, Avg: 16473.9, Max: 16481.5, Diff: 11.6]
      [Ext Root Scanning (ms): Min: 0.0, Avg: 0.1, Max: 0.2, Diff: 0.2, Sum: 0.5]
      [Update RS (ms): Min: 0.0, Avg: 5.3, Max: 9.2, Diff: 9.2, Sum: 21.1]
         [Processed Buffers: Min: 0, Avg: 7.5, Max: 13, Diff: 13, Sum: 30]
      [Scan RS (ms): Min: 0.0, Avg: 0.1, Max: 0.2, Diff: 0.2, Sum: 0.2]
      [Code Root Scanning (ms): Min: 0.0, Avg: 0.0, Max: 0.0, Diff: 0.0, Sum: 0.0]
      [Object Copy (ms): Min: 111.3, Avg: 194.6, Max: 263.7, Diff: 152.4, Sum: 778.4]
      [Termination (ms): Min: 354.8, Avg: 426.1, Max: 510.5, Diff: 155.8, Sum: 1704.4]
         [Termination Attempts: Min: 980, Avg: 1185.0, Max: 1360, Diff: 380, Sum: 4740]
      [GC Worker Other (ms): Min: 0.0, Avg: 0.0, Max: 0.0, Diff: 0.0, Sum: 0.0]
      [GC Worker Total (ms): Min: 618.5, Avg: 626.1, Max: 630.0, Diff: 11.6, Sum: 2504.6]
      [GC Worker End (ms): Min: 17099.9, Avg: 17100.0, Max: 17100.1, Diff: 0.1]
   [Code Root Fixup: 0.0 ms]
   [Code Root Purge: 0.0 ms]
   [Clear CT: 0.1 ms]
   [Other: 1.4 ms]
      [Choose CSet: 0.0 ms]
      [Ref Proc: 0.6 ms]
      [Ref Enq: 0.0 ms]
      [Redirty Cards: 0.6 ms]
      [Humongous Register: 0.0 ms]
      [Humongous Reclaim: 0.0 ms]
      [Free CSet: 0.0 ms]
   [Eden: 88.0M(88.0M)->0.0B(89.0M) Survivors: 13.0M->13.0M Heap: 1838.0M(2039.0M)->1839.0M(2041.0M)]
 [Times: user=0.68 sys=0.03, real=0.63 secs] 
17.408: [GC pause (G1 Evacuation Pause) (young), 0.3486956 secs]
   [Parallel Time: 347.1 ms, GC Workers: 4]
      [GC Worker Start (ms): Min: 17407.6, Avg: 17407.7, Max: 17408.1, Diff: 0.5]
      [Ext Root Scanning (ms): Min: 0.0, Avg: 0.1, Max: 0.2, Diff: 0.2, Sum: 0.5]
      [Update RS (ms): Min: 4.2, Avg: 4.5, Max: 4.8, Diff: 0.6, Sum: 18.1]
         [Processed Buffers: Min: 7, Avg: 8.0, Max: 10, Diff: 3, Sum: 32]
      [Scan RS (ms): Min: 0.0, Avg: 0.0, Max: 0.1, Diff: 0.1, Sum: 0.1]
      [Code Root Scanning (ms): Min: 0.0, Avg: 0.0, Max: 0.0, Diff: 0.0, Sum: 0.0]
      [Object Copy (ms): Min: 90.3, Avg: 106.6, Max: 124.5, Diff: 34.2, Sum: 426.6]
      [Termination (ms): Min: 217.7, Avg: 235.5, Max: 251.7, Diff: 33.9, Sum: 942.0]
         [Termination Attempts: Min: 3773, Avg: 4119.2, Max: 4270, Diff: 497, Sum: 16477]
      [GC Worker Other (ms): Min: 0.0, Avg: 0.0, Max: 0.0, Diff: 0.0, Sum: 0.0]
      [GC Worker Total (ms): Min: 346.5, Avg: 346.8, Max: 347.1, Diff: 0.6, Sum: 1387.4]
      [GC Worker End (ms): Min: 17754.5, Avg: 17754.5, Max: 17754.6, Diff: 0.1]
   [Code Root Fixup: 0.0 ms]
   [Code Root Purge: 0.0 ms]
   [Clear CT: 0.1 ms]
   [Other: 1.5 ms]
      [Choose CSet: 0.0 ms]
      [Ref Proc: 0.8 ms]
      [Ref Enq: 0.0 ms]
      [Redirty Cards: 0.4 ms]
      [Humongous Register: 0.0 ms]
      [Humongous Reclaim: 0.0 ms]
      [Free CSet: 0.0 ms]
   [Eden: 89.0M(89.0M)->0.0B(89.0M) Survivors: 13.0M->13.0M Heap: 1928.0M(2041.0M)->1929.0M(2043.0M)]
 [Times: user=1.18 sys=0.00, real=0.35 secs] 
