Java HotSpot(TM) 64-Bit Server VM (25.172-b11) for bsd-amd64 JRE (1.8.0_172-b11), built on Mar 28 2018 15:38:02 by "java_re" with gcc 4.2.1 (Based on Apple Inc. build 5658) (LLVM build 2336.11.00)
Memory: 4k page, physical 8388608k(217468k free)

/proc/meminfo:

CommandLine flags: -XX:InitialHeapSize=134217728 -XX:MaxHeapSize=2147483648 -XX:MaxNewSize=348966912 -XX:MaxTenuringThreshold=6 -XX:OldPLABSize=16 -XX:+PrintGC -XX:+PrintGCDetails -XX:+PrintGCTimeStamps -XX:+UseCompressedClassPointers -XX:+UseCompressedOops -XX:+UseConcMarkSweepGC -XX:+UseParNewGC 
0.377: [GC (Allocation Failure) 0.377: [ParNew: 34944K->4352K(39296K), 0.5261864 secs] 34944K->29430K(126720K), 0.5262998 secs] [Times: user=1.06 sys=0.03, real=0.53 secs] 
0.957: [GC (Allocation Failure) 0.957: [ParNew: 39296K->4352K(39296K), 0.3121038 secs] 64374K->64661K(126720K), 0.3122036 secs] [Times: user=0.46 sys=0.02, real=0.32 secs] 
1.269: [GC (CMS Initial Mark) [1 CMS-initial-mark: 60309K(87424K)] 66491K(126720K), 0.0033284 secs] [Times: user=0.01 sys=0.00, real=0.00 secs] 
1.274: [CMS-concurrent-mark-start]
1.325: [GC (Allocation Failure) 1.325: [ParNew: 39296K->4352K(39296K), 0.2780811 secs] 99605K->97502K(132864K), 0.2781884 secs] [Times: user=0.41 sys=0.01, real=0.28 secs] 
1.653: [GC (Allocation Failure) 1.653: [ParNew: 39296K->4352K(39296K), 0.2460364 secs] 132446K->131164K(166656K), 0.2461287 secs] [Times: user=0.52 sys=0.02, real=0.25 secs] 
1.945: [GC (Allocation Failure) 1.945: [ParNew: 39296K->4352K(39296K), 0.2339179 secs] 166108K->165918K(201600K), 0.2340020 secs] [Times: user=0.67 sys=0.02, real=0.24 secs] 
2.224: [GC (Allocation Failure) 2.224: [ParNew: 39296K->4352K(39296K), 0.2118598 secs] 200862K->200874K(236544K), 0.2119501 secs] [Times: user=0.70 sys=0.01, real=0.21 secs] 
2.483: [GC (Allocation Failure) 2.483: [ParNew: 39296K->4352K(39296K), 0.2404167 secs] 235818K->235608K(271296K), 0.2405007 secs] [Times: user=0.69 sys=0.02, real=0.24 secs] 
2.770: [GC (Allocation Failure) 2.770: [ParNew: 39296K->4352K(39296K), 0.2730986 secs] 270552K->270502K(306048K), 0.2733057 secs] [Times: user=0.67 sys=0.02, real=0.27 secs] 
3.099: [GC (Allocation Failure) 3.099: [ParNew: 39296K->4352K(39296K), 0.2657331 secs] 305446K->305418K(340992K), 0.2658242 secs] [Times: user=0.68 sys=0.02, real=0.26 secs] 
3.415: [GC (Allocation Failure) 3.415: [ParNew: 39296K->4350K(39296K), 0.4041308 secs] 340362K->340342K(375936K), 0.4042229 secs] [Times: user=0.64 sys=0.02, real=0.41 secs] 
3.873: [GC (Allocation Failure) 3.873: [ParNew: 39294K->4350K(39296K), 0.2776046 secs] 375286K->376360K(412032K), 0.2776909 secs] [Times: user=0.46 sys=0.02, real=0.28 secs] 
4.203: [GC (Allocation Failure) 4.203: [ParNew: 39294K->4352K(39296K), 0.2415512 secs] 411304K->410213K(445824K), 0.2416399 secs] [Times: user=0.51 sys=0.02, real=0.24 secs] 
4.488: [GC (Allocation Failure) 4.488: [ParNew: 39296K->4352K(39296K), 0.2661837 secs] 445157K->457115K(492864K), 0.2662692 secs] [Times: user=0.71 sys=0.02, real=0.27 secs] 
4.805: [GC (Allocation Failure) 4.805: [ParNew: 39296K->4352K(39296K), 0.2648946 secs] 492059K->494041K(529728K), 0.2649786 secs] [Times: user=0.71 sys=0.02, real=0.27 secs] 
5.117: [GC (Allocation Failure) 5.117: [ParNew: 39296K->4352K(39296K), 0.2760649 secs] 528985K->531374K(567168K), 0.2761513 secs] [Times: user=0.70 sys=0.02, real=0.28 secs] 
5.440: [GC (Allocation Failure) 5.440: [ParNew: 39296K->4352K(39296K), 0.2428968 secs] 566318K->569951K(605760K), 0.2429811 secs] [Times: user=0.72 sys=0.02, real=0.24 secs] 
5.729: [GC (Allocation Failure) 5.729: [ParNew: 39296K->4351K(39296K), 0.2458377 secs] 604895K->605760K(641472K), 0.2459322 secs] [Times: user=0.71 sys=0.02, real=0.24 secs] 
6.020: [GC (Allocation Failure) 6.020: [ParNew: 39295K->4351K(39296K), 0.2290135 secs] 640704K->640702K(676416K), 0.2291116 secs] [Times: user=0.71 sys=0.02, real=0.23 secs] 
6.293: [GC (Allocation Failure) 6.293: [ParNew: 39295K->4350K(39296K), 0.2310908 secs] 675646K->675720K(711360K), 0.2311756 secs] [Times: user=0.70 sys=0.02, real=0.23 secs] 
6.572: [GC (Allocation Failure) 6.572: [ParNew: 39294K->4350K(39296K), 0.2801025 secs] 710664K->711747K(747456K), 0.2801687 secs] [Times: user=0.70 sys=0.02, real=0.28 secs] 
6.896: [GC (Allocation Failure) 6.896: [ParNew: 39294K->4352K(39296K), 0.2753622 secs] 746691K->747350K(783168K), 0.2754363 secs] [Times: user=0.67 sys=0.02, real=0.28 secs] 
7.217: [GC (Allocation Failure) 7.217: [ParNew: 39296K->4352K(39296K), 0.2389043 secs] 782294K->782884K(818688K), 0.2389739 secs] [Times: user=0.72 sys=0.02, real=0.24 secs] 
7.501: [GC (Allocation Failure) 7.501: [ParNew: 39296K->4352K(39296K), 0.2320013 secs] 817828K->817826K(853632K), 0.2320757 secs] [Times: user=0.68 sys=0.02, real=0.23 secs] 
7.779: [GC (Allocation Failure) 7.779: [ParNew: 39296K->4352K(39296K), 0.2402478 secs] 852770K->852769K(888384K), 0.2403231 secs] [Times: user=0.74 sys=0.02, real=0.25 secs] 
8.065: [GC (Allocation Failure) 8.065: [ParNew: 39296K->4352K(39296K), 0.2370916 secs] 887713K->887707K(923520K), 0.2371677 secs] [Times: user=0.65 sys=0.02, real=0.24 secs] 
8.346: [GC (Allocation Failure) 8.346: [ParNew: 39296K->4351K(39296K), 0.2730486 secs] 922651K->922645K(958272K), 0.2731677 secs] [Times: user=0.72 sys=0.02, real=0.28 secs] 
8.666: [GC (Allocation Failure) 8.666: [ParNew: 39295K->4351K(39296K), 0.2460258 secs] 957589K->957584K(993408K), 0.2461069 secs] [Times: user=0.74 sys=0.02, real=0.25 secs] 
8.958: [GC (Allocation Failure) 8.958: [ParNew: 39295K->4350K(39296K), 0.2657923 secs] 992528K->992522K(1028352K), 0.2662592 secs] [Times: user=0.66 sys=0.03, real=0.27 secs] 
9.269: [GC (Allocation Failure) 9.269: [ParNew: 39294K->4350K(39296K), 0.2485477 secs] 1027466K->1027463K(1063104K), 0.2486314 secs] [Times: user=0.70 sys=0.02, real=0.24 secs] 
9.562: [GC (Allocation Failure) 9.562: [ParNew: 39294K->4350K(39296K), 0.2365951 secs] 1062407K->1062406K(1098240K), 0.2366839 secs] [Times: user=0.73 sys=0.02, real=0.24 secs] 
9.846: [GC (Allocation Failure) 9.846: [ParNew: 39294K->4350K(39296K), 0.2448489 secs] 1097350K->1097348K(1132992K), 0.2449353 secs] [Times: user=0.71 sys=0.02, real=0.25 secs] 
10.138: [GC (Allocation Failure) 10.138: [ParNew: 39294K->4350K(39296K), 0.2574219 secs] 1132292K->1132289K(1167936K), 0.2575003 secs] [Times: user=0.62 sys=0.02, real=0.26 secs] 
10.461: [GC (Allocation Failure) 10.461: [ParNew: 39294K->4350K(39296K), 0.2693518 secs] 1167233K->1168311K(1204032K), 0.2694409 secs] [Times: user=0.71 sys=0.03, real=0.27 secs] 
10.786: [GC (Allocation Failure) 10.786: [ParNew: 39294K->4352K(39296K), 0.2461284 secs] 1203255K->1202126K(1237824K), 0.2462260 secs] [Times: user=0.73 sys=0.02, real=0.25 secs] 
11.082: [GC (Allocation Failure) 11.082: [ParNew: 39296K->4352K(39296K), 0.3034625 secs] 1237070K->1238202K(1273920K), 0.3035401 secs] [Times: user=0.63 sys=0.02, real=0.30 secs] 
11.433: [GC (Allocation Failure) 11.433: [ParNew: 39296K->4352K(39296K), 0.2536014 secs] 1273146K->1273299K(1309056K), 0.2536982 secs] [Times: user=0.65 sys=0.02, real=0.25 secs] 
11.731: [GC (Allocation Failure) 11.731: [ParNew: 39296K->4352K(39296K), 0.2414213 secs] 1308243K->1308088K(1343808K), 0.2415045 secs] [Times: user=0.69 sys=0.02, real=0.24 secs] 
12.019: [GC (Allocation Failure) 12.019: [ParNew: 39296K->4352K(39296K), 0.2563958 secs] 1343032K->1343030K(1378752K), 0.2564886 secs] [Times: user=0.67 sys=0.02, real=0.25 secs] 
